[imarticus.org/generative-ai-for-managers-pwc/index.html]
[backblue.gif]
[fade.gif]
[index.html]
[cdn.pegasus.imarticus.org/imarticus_2/FACEBOOK-open-graph.jpg]
[imarticus.org/_next/static/css/d19faeda218eda6a.css]
[imarticus.org/_next/static/css/57f2fcf9a3b79588.css]
[imarticus.org/_next/static/css/197cf279ae74722c.css]
[imarticus.org/_next/static/css/bcb2fc54cd62311e.css]
[imarticus.org/_next/static/css/01c118e9b659a81a.css]
[imarticus.org/_next/static/chunks/webpack-69120d4bc7bc6fcd.js]
[imarticus.org/_next/static/chunks/framework-0995a3e8436ddc4f.js]
[imarticus.org/_next/static/chunks/polyfills-78c92fac7aa8fdd8.js]
[imarticus.org/_next/static/chunks/main-b282ca749ebe320e.js]
[imarticus.org/_next/static/chunks/pages/_app-59884a6890750ad8.js]
[imarticus.org/_next/static/chunks/1664-b983fff35c744cc3.js]
[imarticus.org/_next/static/chunks/4300-6452016974a207d4.js]
[imarticus.org/_next/static/chunks/495-0caabdff1f77b4a1.js]
[imarticus.org/_next/static/chunks/7311-7cf31fef43611b91.js]
[imarticus.org/_next/static/chunks/6502-4723b3b3192512d1.js]
[imarticus.org/_next/static/chunks/9340-fd66be7e394090f4.js]
[imarticus.org/_next/static/lbkbJcWYkoorWqtEcZZbQ/_buildManifest.js]
[imarticus.org/generative-ai-for-managers-pwc/index.html]
[imarticus.org/_next/static/css/d19faeda218eda6a.css]
[imarticus.org/_next/static/css/57f2fcf9a3b79588.css]
[imarticus.org/_next/static/css/197cf279ae74722c.css]
[imarticus.org/_next/static/css/bcb2fc54cd62311e.css]
[imarticus.org/_next/static/css/01c118e9b659a81a.css]
[imarticus.org/_next/static/lbkbJcWYkoorWqtEcZZbQ/_ssgManifest.js]
[imarticus.org/_next/static/chunks/pages/generative-ai-for-managers-pwc-c9aec5d1cceab80c.js]
